
===== run 2026-09-06T07:24:59.302061Z =====

--- ingest.py ---
ingesting 2026-09-06
  ! YouTube IP-blocked; falling back to descriptions this run
  youtube @nicksaraev -> 15 (0 with transcript)
  youtube @lennyspodcast -> 15 (0 with transcript)
  youtube @campusx-official -> 15 (0 with transcript)
  youtube @krishnaik06 -> 15 (0 with transcript)
  transcript cache: 0 videos, 7 new fetches left
  linkedin leads (6 queries) -> 60 posts
  linkedin capability (1 authors) -> 0 posts
fetched 120 raw items
prefilter: 56 kept, 64 dropped (dupe/short/older than 7d)
wrote 56 -> /home/runner/work/second-brain/second-brain/brain/raw/2026-09-06

--- score.py ---
Traceback (most recent call last):
  File "/home/runner/work/second-brain/second-brain/engine/score.py", line 245, in <module>
    sys.exit(main())
             ^^^^^^
  File "/home/runner/work/second-brain/second-brain/engine/score.py", line 222, in main
    items = load_raw(day)
            ^^^^^^^^^^^^^
  File "/home/runner/work/second-brain/second-brain/engine/score.py", line 76, in load_raw
    return [i for i in (read_item(p) for p in paths) if i]
           ^^^^^^^^^^^^^^^^^^^^^^^^^^^^^^^^^^^^^^^^^^^^^^^
  File "/home/runner/work/second-brain/second-brain/engine/score.py", line 76, in <listcomp>
    return [i for i in (read_item(p) for p in paths) if i]
           ^^^^^^^^^^^^^^^^^^^^^^^^^^^^^^^^^^^^^^^^^^^^^^^
  File "/home/runner/work/second-brain/second-brain/engine/score.py", line 76, in <genexpr>
    return [i for i in (read_item(p) for p in paths) if i]
                        ^^^^^^^^^^^^
  File "/home/runner/work/second-brain/second-brain/engine/score.py", line 69, in read_item
    meta = yaml.safe_load(parts[1]) or {}
           ^^^^^^^^^^^^^^^^^^^^^^^^
  File "/opt/hostedtoolcache/Python/3.11.16/x64/lib/python3.11/site-packages/yaml/__init__.py", line 125, in safe_load
    return load(stream, SafeLoader)
           ^^^^^^^^^^^^^^^^^^^^^^^^
  File "/opt/hostedtoolcache/Python/3.11.16/x64/lib/python3.11/site-packages/yaml/__init__.py", line 81, in load
    return loader.get_single_data()
           ^^^^^^^^^^^^^^^^^^^^^^^^
  File "/opt/hostedtoolcache/Python/3.11.16/x64/lib/python3.11/site-packages/yaml/constructor.py", line 49, in get_single_data
    node = self.get_single_node()
           ^^^^^^^^^^^^^^^^^^^^^^
  File "/opt/hostedtoolcache/Python/3.11.16/x64/lib/python3.11/site-packages/yaml/composer.py", line 36, in get_single_node
    document = self.compose_document()
               ^^^^^^^^^^^^^^^^^^^^^^^
  File "/opt/hostedtoolcache/Python/3.11.16/x64/lib/python3.11/site-packages/yaml/composer.py", line 55, in compose_document
    node = self.compose_node(None, None)
           ^^^^^^^^^^^^^^^^^^^^^^^^^^^^^
  File "/opt/hostedtoolcache/Python/3.11.16/x64/lib/python3.11/site-packages/yaml/composer.py", line 84, in compose_node
    node = self.compose_mapping_node(anchor)
           ^^^^^^^^^^^^^^^^^^^^^^^^^^^^^^^^^
  File "/opt/hostedtoolcache/Python/3.11.16/x64/lib/python3.11/site-packages/yaml/composer.py", line 133, in compose_mapping_node
    item_value = self.compose_node(node, item_key)
                 ^^^^^^^^^^^^^^^^^^^^^^^^^^^^^^^^^
  File "/opt/hostedtoolcache/Python/3.11.16/x64/lib/python3.11/site-packages/yaml/composer.py", line 64, in compose_node
    if self.check_event(AliasEvent):
       ^^^^^^^^^^^^^^^^^^^^^^^^^^^^
  File "/opt/hostedtoolcache/Python/3.11.16/x64/lib/python3.11/site-packages/yaml/parser.py", line 98, in check_event
    self.current_event = self.state()
                         ^^^^^^^^^^^^
  File "/opt/hostedtoolcache/Python/3.11.16/x64/lib/python3.11/site-packages/yaml/parser.py", line 449, in parse_block_mapping_value
    if not self.check_token(KeyToken, ValueToken, BlockEndToken):
           ^^^^^^^^^^^^^^^^^^^^^^^^^^^^^^^^^^^^^^^^^^^^^^^^^^^^^
  File "/opt/hostedtoolcache/Python/3.11.16/x64/lib/python3.11/site-packages/yaml/scanner.py", line 116, in check_token
    self.fetch_more_tokens()
  File "/opt/hostedtoolcache/Python/3.11.16/x64/lib/python3.11/site-packages/yaml/scanner.py", line 247, in fetch_more_tokens
    return self.fetch_single()
           ^^^^^^^^^^^^^^^^^^^
  File "/opt/hostedtoolcache/Python/3.11.16/x64/lib/python3.11/site-packages/yaml/scanner.py", line 652, in fetch_single
    self.fetch_flow_scalar(style='\'')
  File "/opt/hostedtoolcache/Python/3.11.16/x64/lib/python3.11/site-packages/yaml/scanner.py", line 666, in fetch_flow_scalar
    self.tokens.append(self.scan_flow_scalar(style))
                       ^^^^^^^^^^^^^^^^^^^^^^^^^^^^
  File "/opt/hostedtoolcache/Python/3.11.16/x64/lib/python3.11/site-packages/yaml/scanner.py", line 1151, in scan_flow_scalar
    chunks.extend(self.scan_flow_scalar_spaces(double, start_mark))
                  ^^^^^^^^^^^^^^^^^^^^^^^^^^^^^^^^^^^^^^^^^^^^^^^^
  File "/opt/hostedtoolcache/Python/3.11.16/x64/lib/python3.11/site-packages/yaml/scanner.py", line 1238, in scan_flow_scalar_spaces
    raise ScannerError("while scanning a quoted scalar", start_mark,
yaml.scanner.ScannerError: while scanning a quoted scalar
  in "<unicode string>", line 8, column 8:
    title: 'Operations Coordinator
           ^
found unexpected end of stream
  in "<unicode string>", line 20, column 3:
      
      ^

--- verify.py ---
verified 0 leads

--- synthesize.py ---
digest -> /home/runner/work/second-brain/second-brain/brain/synth/2026-09-06-digest.md (0 kept)
