
===== run 2026-08-23T03:41:37.047932Z =====

--- ingest.py ---
ingesting 2026-08-23
  ! YouTube IP-blocked; falling back to descriptions this run
  youtube @nicksaraev -> 15 (0 with transcript)
  youtube @lennyspodcast -> 15 (0 with transcript)
  youtube @campusx-official -> 15 (0 with transcript)
  youtube @krishnaik06 -> 15 (0 with transcript)
  transcript cache: 0 videos, 7 new fetches left
  linkedin leads (6 queries) -> 60 posts
  linkedin capability (1 authors) -> 0 posts
fetched 120 raw items
prefilter: 55 kept, 65 dropped (dupe/short/older than 7d)
wrote 55 -> /home/runner/work/second-brain/second-brain/brain/raw/2026-08-23

--- score.py ---
scoring batch 1/5 (12 items)
scoring batch 2/5 (12 items)
scoring batch 3/5 (12 items)
scoring batch 4/5 (12 items)
scoring batch 5/5 (7 items)

BEFORE: 55 raw items
AFTER:  0 kept (score >= 6)
-> /home/runner/work/second-brain/second-brain/brain/scored/2026-08-23

--- verify.py ---
verified 0 leads

--- synthesize.py ---
digest -> /home/runner/work/second-brain/second-brain/brain/synth/2026-08-23-digest.md (0 kept)
